test_paid_spend_cap (test_assets_and_spend.AssetSpendTests.test_paid_spend_cap) ... ok
test_post_dimensions_and_mapping (test_assets_and_spend.AssetSpendTests.test_post_dimensions_and_mapping) ... ok
test_verified_source_contract (test_data_quality.DataQualityTests.test_verified_source_contract) ... ok
test_confirmed_hf_credit_call_is_bounded (test_generation_policy.GenerationPolicyTests.test_confirmed_hf_credit_call_is_bounded) ... ok
test_confirmed_hf_image_batch_is_bounded_and_never_routes_to_fal (test_generation_policy.GenerationPolicyTests.test_confirmed_hf_image_batch_is_bounded_and_never_routes_to_fal) ... ok
test_credentials_are_reported_without_values (test_generation_policy.GenerationPolicyTests.test_credentials_are_reported_without_values) ... ok
test_existing_hf_image_ledger_blocks_the_entire_batch (test_generation_policy.GenerationPolicyTests.test_existing_hf_image_ledger_blocks_the_entire_batch) ... ok
test_existing_hf_reservation_blocks_a_repeat_before_network_access (test_generation_policy.GenerationPolicyTests.test_existing_hf_reservation_blocks_a_repeat_before_network_access) ... ok
test_fal_credential_cannot_be_retrieved (test_generation_policy.GenerationPolicyTests.test_fal_credential_cannot_be_retrieved) ... ok
test_fal_is_blocked_even_at_zero_estimated_cost (test_generation_policy.GenerationPolicyTests.test_fal_is_blocked_even_at_zero_estimated_cost) ... ok
test_local_zero_cost_generation_is_allowed (test_generation_policy.GenerationPolicyTests.test_local_zero_cost_generation_is_allowed) ... ok
test_partial_hf_image_batch_is_reported_without_claiming_completion (test_generation_policy.GenerationPolicyTests.test_partial_hf_image_batch_is_reported_without_claiming_completion) ... ok
test_unknown_cost_and_paid_calls_are_blocked (test_generation_policy.GenerationPolicyTests.test_unknown_cost_and_paid_calls_are_blocked) ... ok
test_contract_formulas_and_zero_guard (test_metrics.MetricTests.test_contract_formulas_and_zero_guard) ... ok
test_exact_format_contract (test_plan_schema.PlanTests.test_exact_format_contract) ... ok
test_day_five_caption_lists_all_photographic_fit_checks (test_video_and_package.VideoPackageTests.test_day_five_caption_lists_all_photographic_fit_checks) ... ok
test_day_two_caption_describes_the_photographic_video (test_video_and_package.VideoPackageTests.test_day_two_caption_describes_the_photographic_video) ... ok
test_package_is_valid_zip_when_present (test_video_and_package.VideoPackageTests.test_package_is_valid_zip_when_present) ... ok
test_video_validity (test_video_and_package.VideoPackageTests.test_video_validity) ... ok
test_application_smoke (test_workflow_and_app.WorkflowAppTests.test_application_smoke) ... ok
test_browser_code_does_not_embed_copied_kpi_values (test_workflow_and_app.WorkflowAppTests.test_browser_code_does_not_embed_copied_kpi_values) ... ok
test_dashboard_metrics_are_pipeline_values_with_lineage (test_workflow_and_app.WorkflowAppTests.test_dashboard_metrics_are_pipeline_values_with_lineage) ... ok
test_metric_formulas_are_kept_out_of_the_browser_ui (test_workflow_and_app.WorkflowAppTests.test_metric_formulas_are_kept_out_of_the_browser_ui) ... ok
test_persistent_state_when_present (test_workflow_and_app.WorkflowAppTests.test_persistent_state_when_present) ... ok
test_retry_and_checkpoint_configuration (test_workflow_and_app.WorkflowAppTests.test_retry_and_checkpoint_configuration) ... ok

----------------------------------------------------------------------
Ran 25 tests in 0.807s

OK
